 echo "# hello-world" >> README.md
   69  ls
   70  git add README.md
   71  git commit -m "first commit"
   72  git branch -M main
   73  git remote add origin https://github.com/Rakesh-tcarts/hello-world.git
   74  git push -u origin main
   75  git config --system --unset credential. helper
   76  git config --system --unset credential
   77  git help
   78  git help -a
   79  git config help
   80  git config --help
   81  git config help -a
   82  git config
   83  git config --global
   84  git config --global --get-all
   85  git push -u origin main
   86  git push -u origin main
   87  git repo
   88  git remote
   89  git remote repo
   90  git -v
   91  git remote -v
   92  git push -u origin main
   93  git diff
   94  ls
   95  ls
   96  cat newfile.txt
   97  touch prj1.txt >> newfile
   98  cat newfile
   99  ls
  100  git status
  101  git add prj1.txt
  102  git status
  103  git commit -m "prj file added"
  104  git status
  105  git push
  106  git status
  107  git log

VIHASNI@LAPTOP-TJ8CH2OC MINGW64 /d/git_demo (main)
$ ls
README.md  newfile.txt

VIHASNI@LAPTOP-TJ8CH2OC MINGW64 /d/git_demo (main)
$

VIHASNI@LAPTOP-TJ8CH2OC MINGW64 /d/git_demo (main)
$ cat newfile.txt
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
VIHASNI@LAPTOP-TJ8CH2OC MINGW64 /d/git_demo (main)
$ touch prj1.txt >> newfile

VIHASNI@LAPTOP-TJ8CH2OC MINGW64 /d/git_demo (main)
$ cat newfile

VIHASNI@LAPTOP-TJ8CH2OC MINGW64 /d/git_demo (main)
$ ls
README.md  newfile.txt  prj1.txt

VIHASNI@LAPTOP-TJ8CH2OC MINGW64 /d/git_demo (main)
$ git status
On branch main
Your branch is up to date with 'origin/main'.

Untracked files:
  (use "git add <file>..." to include in what will be committed)
        newfile.txt
        prj1.txt

nothing added to commit but untracked files present (use "git add" to track)

VIHASNI@LAPTOP-TJ8CH2OC MINGW64 /d/git_demo (main)
$ git add prj1.txt

VIHASNI@LAPTOP-TJ8CH2OC MINGW64 /d/git_demo (main)
$ git status
On branch main
Your branch is up to date with 'origin/main'.

Changes to be committed:
  (use "git restore --staged <file>..." to unstage)
        new file:   prj1.txt

Untracked files:
  (use "git add <file>..." to include in what will be committed)
        newfile.txt


VIHASNI@LAPTOP-TJ8CH2OC MINGW64 /d/git_demo (main)
$ git commit -m "prj file added"
[main 9eb632a] prj file added
 1 file changed, 1 insertion(+)
 create mode 100644 prj1.txt

VIHASNI@LAPTOP-TJ8CH2OC MINGW64 /d/git_demo (main)
$ git status
On branch main
Your branch is ahead of 'origin/main' by 1 commit.
  (use "git push" to publish your local commits)

Untracked files:
  (use "git add <file>..." to include in what will be committed)
        newfile.txt

nothing added to commit but untracked files present (use "git add" to track)

VIHASNI@LAPTOP-TJ8CH2OC MINGW64 /d/git_demo (main)
$ git push
Enumerating objects: 4, done.
Counting objects: 100% (4/4), done.
Delta compression using up to 16 threads
Compressing objects: 100% (2/2), done.
Writing objects: 100% (3/3), 285 bytes | 285.00 KiB/s, done.
Total 3 (delta 0), reused 0 (delta 0), pack-reused 0 (from 0)
To https://github.com/Rakesh-tcarts/hello-world.git
   4706f45..9eb632a  main -> main

VIHASNI@LAPTOP-TJ8CH2OC MINGW64 /d/git_demo (main)
$ git status
On branch main
Your branch is up to date with 'origin/main'.

Untracked files:
  (use "git add <file>..." to include in what will be committed)
        newfile.txt

nothing added to commit but untracked files present (use "git add" to track)

VIHASNI@LAPTOP-TJ8CH2OC MINGW64 /d/git_demo (main)
$ git log
commit 9eb632a245007228aff24e782bbe4ebeb7913239 (HEAD -> main, origin/main)
Author: Rakesh-tcarts <rakesh_cssf@tcarts.in>
Date:   Sat Jun 22 21:26:40 2024 +0530

    prj file added

commit 4706f45f41bfbef4ecf779f7109a253e21eb4fb1
Author: Rakesh-tcarts <rakesh_cssf@tcarts.in>
Date:   Sat Jun 22 18:51:49 2024 +0530

    first commit
